// Jest Snapshot v1, https://goo.gl/fbAQLP

exports[`Book should render successfully 1`] = `
<body>
  <div>
    <div
      class="MuiPaper-root MuiCard-root Component-root-1 MuiPaper-elevation0 MuiPaper-rounded"
    >
      <button
        class="MuiButtonBase-root MuiCardActionArea-root"
        tabindex="0"
        type="button"
      >
        test
        <span
          class="MuiCardActionArea-focusHighlight"
        />
        <span
          class="MuiTouchRipple-root"
        />
      </button>
    </div>
  </div>
</body>
`;
